#-----------------------------------------------------------
# Vivado v2021.2 (64-bit)
# SW Build 3367213 on Tue Oct 19 02:47:39 MDT 2021
# IP Build 3369179 on Thu Oct 21 08:25:16 MDT 2021
# Start of session at: Wed May 11 16:39:15 2022
# Process ID: 55374
# Current directory: /home/lennert/HWSW/xoodyak/hwswcd/hardware/xoodyak_SOC/xoodyak_SOC.runs/blk_mem_round_constants_synth_1
# Command line: vivado -log blk_mem_round_constants.vds -product Vivado -mode batch -messageDb vivado.pb -notrace -source blk_mem_round_constants.tcl
# Log file: /home/lennert/HWSW/xoodyak/hwswcd/hardware/xoodyak_SOC/xoodyak_SOC.runs/blk_mem_round_constants_synth_1/blk_mem_round_constants.vds
# Journal file: /home/lennert/HWSW/xoodyak/hwswcd/hardware/xoodyak_SOC/xoodyak_SOC.runs/blk_mem_round_constants_synth_1/vivado.jou
# Running On: laptopENVY, OS: Linux, CPU Frequency: 2000.000 MHz, CPU Physical cores: 4, Host memory: 16465 MB
#-----------------------------------------------------------
source blk_mem_round_constants.tcl -notrace
