Archive member included to satisfy reference by file (symbol)

/opt/riscv32/lib/gcc/riscv32-unknown-elf/11.1.0/libgcc.a(div.o)
                              build/print.o (__udivsi3)

Discarded input sections

 .debug_line    0x0000000000000000      0x153 /opt/riscv32/lib/gcc/riscv32-unknown-elf/11.1.0/libgcc.a(div.o)
 .debug_line_str
                0x0000000000000000       0x60 /opt/riscv32/lib/gcc/riscv32-unknown-elf/11.1.0/libgcc.a(div.o)
 .debug_info    0x0000000000000000       0x25 /opt/riscv32/lib/gcc/riscv32-unknown-elf/11.1.0/libgcc.a(div.o)
 .debug_abbrev  0x0000000000000000       0x14 /opt/riscv32/lib/gcc/riscv32-unknown-elf/11.1.0/libgcc.a(div.o)
 .debug_aranges
                0x0000000000000000       0x20 /opt/riscv32/lib/gcc/riscv32-unknown-elf/11.1.0/libgcc.a(div.o)
 .debug_str     0x0000000000000000       0x73 /opt/riscv32/lib/gcc/riscv32-unknown-elf/11.1.0/libgcc.a(div.o)

Memory Configuration

Name             Origin             Length             Attributes
*default*        0x0000000000000000 0xffffffffffffffff

Linker script and memory map

LOAD build/print.o
LOAD build/Xoodoo.o
LOAD build/Xoodyak.o
LOAD build/firmware.o
LOAD build/start.o

.memory         0x0000000000000000      0x9b0
                0x0000000000000000                . = 0x0
 *(.init)
 .init          0x0000000000000000       0x94 build/start.o
                0x000000000000008c                esns_nop
 *(.text)
 .text          0x0000000000000094       0xdc build/print.o
                0x0000000000000094                print_chr
                0x00000000000000a0                print_str
                0x00000000000000bc                print_dec
                0x000000000000013c                print_hex
 .text          0x0000000000000170      0x2d8 build/Xoodoo.o
                0x0000000000000170                Xoodoo_InitEmptyState
                0x00000000000001a8                Xoodoo_VectorToState
                0x0000000000000200                Xoodoo_StateToVector
                0x0000000000000258                Xoodoo_xorStates
                0x00000000000002b4                Xoodoo_wr_state
                0x00000000000002e4                Xoodoo_rd_state
                0x0000000000000314                Xoodoo_Permute
 .text          0x0000000000000448      0x284 build/Xoodyak.o
                0x000000000000055c                cyclist_initialise_hash
                0x000000000000059c                cyclist_absorb
                0x0000000000000644                cyclist_squeeze
 .text          0x00000000000006cc       0x24 build/firmware.o
                0x00000000000006cc                memcpy
 .text          0x00000000000006f0        0x0 build/start.o
 .text          0x00000000000006f0       0xb4 /opt/riscv32/lib/gcc/riscv32-unknown-elf/11.1.0/libgcc.a(div.o)
                0x00000000000006f0                __divsi3
                0x00000000000006f8                __udivsi3
                0x0000000000000740                __umodsi3
                0x0000000000000774                __modsi3
 *(*)
 .data          0x00000000000007a4        0x0 build/print.o
 .bss           0x00000000000007a4        0x0 build/print.o
 .rodata.str1.4
                0x00000000000007a4       0x11 build/print.o
 .comment       0x00000000000007b5       0x1b build/print.o
                                         0x1c (size before relaxing)
 .riscv.attributes
                0x00000000000007d0       0x1c build/print.o
 .data          0x00000000000007ec        0x0 build/Xoodoo.o
 .bss           0x00000000000007ec        0x0 build/Xoodoo.o
 .comment       0x00000000000007ec       0x1c build/Xoodoo.o
 .riscv.attributes
                0x00000000000007ec       0x1c build/Xoodoo.o
 .data          0x0000000000000808        0x0 build/Xoodyak.o
 .bss           0x0000000000000808        0x0 build/Xoodyak.o
 .comment       0x0000000000000808       0x1c build/Xoodyak.o
 .riscv.attributes
                0x0000000000000808       0x1c build/Xoodyak.o
 .data          0x0000000000000824        0x0 build/firmware.o
 .bss           0x0000000000000824        0x0 build/firmware.o
 .rodata.str1.4
                0x0000000000000824       0x17 build/firmware.o
 *fill*         0x000000000000083b        0x1 
 .text.startup  0x000000000000083c      0x11c build/firmware.o
                0x000000000000083c                main
 .comment       0x0000000000000958       0x1c build/firmware.o
 .riscv.attributes
                0x0000000000000958       0x1c build/firmware.o
 .data          0x0000000000000974        0x0 build/start.o
 .bss           0x0000000000000974        0x0 build/start.o
 .riscv.attributes
                0x0000000000000974       0x1a build/start.o
 .data          0x000000000000098e        0x0 /opt/riscv32/lib/gcc/riscv32-unknown-elf/11.1.0/libgcc.a(div.o)
 .bss           0x000000000000098e        0x0 /opt/riscv32/lib/gcc/riscv32-unknown-elf/11.1.0/libgcc.a(div.o)
 .riscv.attributes
                0x000000000000098e       0x1f /opt/riscv32/lib/gcc/riscv32-unknown-elf/11.1.0/libgcc.a(div.o)
                0x00000000000009b0                . = ALIGN (0x4)
 *fill*         0x00000000000009ad        0x3 
                0x00000000000009b0                end = .
LOAD /opt/riscv32/lib/gcc/riscv32-unknown-elf/11.1.0/libgcc.a
OUTPUT(firmware.elf elf32-littleriscv)
